<?xml version="1.0" encoding="UTF-8" ?>
<testsuites disabled="0" errors="0" failures="0" tests="9" time="0.319">
 <testsuite name="Rest API" timestamp="2021-06-16T00:13:13" hostname="localhost" time="0.078" errors="0" tests="0" skipped="0" disabled="0" failures="0">
 </testsuite>
 <testsuite name="Rest API.Getting an invalid user&apos;s step data" timestamp="2021-06-16T00:13:13" hostname="localhost" time="0.067" errors="0" tests="2" skipped="0" disabled="0" failures="0">
  <testcase classname="Rest API.Getting an invalid user&apos;s step data" name="returns 404" time="0.053" />
  <testcase classname="Rest API.Getting an invalid user&apos;s step data" name="returns 404 with expected payload" time="0.007" />
 </testsuite>
 <testsuite name="Rest API.Getting a valid user&apos;s step data" timestamp="2021-06-16T00:13:13" hostname="localhost" time="0.009" errors="0" tests="1" skipped="0" disabled="0" failures="0">
  <testcase classname="Rest API.Getting a valid user&apos;s step data" name="returns 200 with expected step count" time="0.009" />
 </testsuite>
 <testsuite name="Step Service" timestamp="2021-06-16T00:13:13" hostname="localhost" time="0.012" errors="0" tests="0" skipped="0" disabled="0" failures="0">
 </testsuite>
 <testsuite name="Step Service.Getting user" timestamp="2021-06-16T00:13:13" hostname="localhost" time="0.004" errors="0" tests="2" skipped="0" disabled="0" failures="0">
  <testcase classname="Step Service.Getting user" name="returns step data for existing user" time="0" />
  <testcase classname="Step Service.Getting user" name="returns undefined for nonexistent user" time="0.003" />
 </testsuite>
 <testsuite name="Step Service.Adding 5 steps" timestamp="2021-06-16T00:13:13" hostname="localhost" time="0.007" errors="0" tests="2" skipped="0" disabled="0" failures="0">
  <testcase classname="Step Service.Adding 5 steps" name="is successful when user already exists" time="0.002" />
  <testcase classname="Step Service.Adding 5 steps" name="is successful when user didn&apos;t previously exist" time="0.001" />
 </testsuite>
 <testsuite name="WebSocket API" timestamp="2021-06-16T00:13:13" hostname="localhost" time="0.071" errors="0" tests="0" skipped="0" disabled="0" failures="0">
 </testsuite>
 <testsuite name="WebSocket API.Opening a websocket connection to the server" timestamp="2021-06-16T00:13:13" hostname="localhost" time="0.01" errors="0" tests="1" skipped="0" disabled="0" failures="0">
  <testcase classname="WebSocket API.Opening a websocket connection to the server" name="successfully establishes a connection" time="0.008" />
 </testsuite>
 <testsuite name="WebSocket API.Sending an update for an existing user" timestamp="2021-06-16T00:13:13" hostname="localhost" time="0.061" errors="0" tests="1" skipped="0" disabled="0" failures="0">
  <testcase classname="WebSocket API.Sending an update for an existing user" name="properly updates the user&apos;s step count" time="0.059" />
 </testsuite>
</testsuites>